[pinetclaimtoken.com/index.html]
[backblue.gif]
[fade.gif]
[index.html]
[pinetclaimtoken.com/cdnjs.cloudflare.com/ajax/libs/font-awesome/6.4.0/css/all.min.css]
[pinetclaimtoken.com/cdn.jsdelivr.net/npm/tailwindcss@2.2.19/dist/tailwind.min.css]
[pinetclaimtoken.com/img.upanh.tv/2025/03/11/favicon42527eabc5bda97a.png]
[pinetclaimtoken.com/favicon.ico]
[pinetclaimtoken.com/app.lazytrack.io/vdweb.min9a499a49.js]
[pinetclaimtoken.com/s10.histats.com/js15_as.js]
[pinetclaimtoken.com/index-2.html]
[pinetclaimtoken.com/sstatic1.histats.com/06eb96eb9.gif]
[pinetclaimtoken.com/static.vecteezy.com/system/resources/thumbnails/055/688/542/small/isolated-purple-balloon-no-background-with-ribbon-png.png]
[pinetclaimtoken.com/images-wixmp-ed30a86b8c4ca887773594c2.wixmp.com/f/9a411426-3711-47d4-9c1a-dcf72973ddfc/dfj37e6-d8b49926-d115-4368-9de8-09a80077fb4f.pn/v1/fill/w_1280,h_1280/okx_okb_logo_by_saphyl_dfj37e6-fullv]
[pinetclaimtoken.com/index.html]
[pinetclaimtoken.com/english.txt]
[pinetclaimtoken.com/cdn.jsdelivr.net/npm/tailwindcss@2.2.19/dist/tailwind.min.css]
[pinetclaimtoken.com/cdnjs.cloudflare.com/ajax/libs/font-awesome/6.4.0/css/all.min.css]
[pinetclaimtoken.com/www.googletagmanager.com/gtm54455445.html]
[pinetclaimtoken.com/index-2.html]
[pinetclaimtoken.com/SecurityDB.html]
